/* Tests for access control on the history tables */
CREATE ROLE periods_acl_1;
CREATE ROLE periods_acl_2;
/* OWNER */
-- We call this query several times, so make it a view for eaiser maintenance
CREATE VIEW show_owners AS
    SELECT c.relnamespace::regnamespace AS schema_name,
           c.relname AS object_name,
           CASE c.relkind
               WHEN 'r' THEN 'table'
               WHEN 'v' THEN 'view'
           END AS object_type,
           c.relowner::regrole AS owner
    FROM pg_class AS c
    WHERE c.relnamespace = 'public'::regnamespace
      AND c.relname = ANY (ARRAY['owner_test', 'owner_test_history', 'owner_test_with_history', 'owner_test__for_portion_of_p'])
    UNION ALL
    SELECT p.pronamespace, p.proname, 'function', p.proowner
    FROM pg_proc AS p
    WHERE p.pronamespace = 'public'::regnamespace
      AND p.proname = ANY (ARRAY['owner_test__as_of', 'owner_test__between', 'owner_test__between_symmetric', 'owner_test__from_to']);
CREATE TABLE owner_test (col text PRIMARY KEY, s integer, e integer);
ALTER TABLE owner_test OWNER TO periods_acl_1;
SELECT sql_saga.add_era('owner_test', 's', 'e', 'p');
 add_era 
---------
 t
(1 row)

SELECT sql_saga.add_api('owner_test', 'p');
 add_api 
---------
 t
(1 row)

TABLE show_owners ORDER BY object_name;
 schema_name |         object_name          | object_type |     owner     
-------------+------------------------------+-------------+---------------
 public      | owner_test                   | table       | periods_acl_1
 public      | owner_test__for_portion_of_p | view        | periods_acl_1
(2 rows)

-- This should change everything
ALTER TABLE owner_test OWNER TO periods_acl_2;
TABLE show_owners ORDER BY object_name;
 schema_name |         object_name          | object_type |     owner     
-------------+------------------------------+-------------+---------------
 public      | owner_test                   | table       | periods_acl_2
 public      | owner_test__for_portion_of_p | view        | periods_acl_2
(2 rows)

SELECT sql_saga.drop_api('owner_test', NULL);
 drop_api 
----------
 t
(1 row)

DROP TABLE owner_test CASCADE;
DROP VIEW show_owners;
/* FOR PORTION OF ACL */
-- We call this query several times, so make it a view for eaiser maintenance
CREATE VIEW show_acls AS
    SELECT row_number() OVER (ORDER BY array_position(ARRAY['table', 'view', 'function'], object_type),
                                       schema_name, object_name, grantee, privilege_type) AS sort_order,
           *
    FROM (
        SELECT c.relnamespace::regnamespace AS schema_name,
               c.relname AS object_name,
               CASE c.relkind
                   WHEN 'r' THEN 'table'
                   WHEN 'v' THEN 'view'
               END AS object_type,
               acl.grantee::regrole::text AS grantee,
               acl.privilege_type
        FROM pg_class AS c
        CROSS JOIN LATERAL aclexplode(COALESCE(c.relacl, acldefault('r', c.relowner))) AS acl
        WHERE c.relname IN ('fpacl', 'fpacl__for_portion_of_p')
    ) AS _;
CREATE TABLE fpacl (col text PRIMARY KEY, s integer, e integer);
ALTER TABLE fpacl OWNER TO periods_acl_1;
SELECT sql_saga.add_era('fpacl', 's', 'e', 'p');
 add_era 
---------
 t
(1 row)

SELECT sql_saga.add_api('fpacl', 'p');
 add_api 
---------
 t
(1 row)

TABLE show_acls ORDER BY sort_order;
 sort_order | schema_name |       object_name       | object_type |    grantee    | privilege_type 
------------+-------------+-------------------------+-------------+---------------+----------------
          1 | public      | fpacl                   | table       | periods_acl_1 | DELETE
          2 | public      | fpacl                   | table       | periods_acl_1 | INSERT
          3 | public      | fpacl                   | table       | periods_acl_1 | REFERENCES
          4 | public      | fpacl                   | table       | periods_acl_1 | SELECT
          5 | public      | fpacl                   | table       | periods_acl_1 | TRIGGER
          6 | public      | fpacl                   | table       | periods_acl_1 | TRUNCATE
          7 | public      | fpacl                   | table       | periods_acl_1 | UPDATE
          8 | public      | fpacl__for_portion_of_p | view        | periods_acl_1 | DELETE
          9 | public      | fpacl__for_portion_of_p | view        | periods_acl_1 | INSERT
         10 | public      | fpacl__for_portion_of_p | view        | periods_acl_1 | REFERENCES
         11 | public      | fpacl__for_portion_of_p | view        | periods_acl_1 | SELECT
         12 | public      | fpacl__for_portion_of_p | view        | periods_acl_1 | TRIGGER
         13 | public      | fpacl__for_portion_of_p | view        | periods_acl_1 | TRUNCATE
         14 | public      | fpacl__for_portion_of_p | view        | periods_acl_1 | UPDATE
(14 rows)

GRANT SELECT, UPDATE ON TABLE fpacl__for_portion_of_p TO periods_acl_2; -- fail
ERROR:  cannot grant SELECT directly to "fpacl__for_portion_of_p"; grant SELECT to "fpacl" instead
CONTEXT:  PL/pgSQL function sql_saga.health_checks() line 144 at RAISE
GRANT SELECT, UPDATE ON TABLE fpacl TO periods_acl_2;
TABLE show_acls ORDER BY sort_order;
 sort_order | schema_name |       object_name       | object_type |    grantee    | privilege_type 
------------+-------------+-------------------------+-------------+---------------+----------------
          1 | public      | fpacl                   | table       | periods_acl_1 | DELETE
          2 | public      | fpacl                   | table       | periods_acl_1 | INSERT
          3 | public      | fpacl                   | table       | periods_acl_1 | REFERENCES
          4 | public      | fpacl                   | table       | periods_acl_1 | SELECT
          5 | public      | fpacl                   | table       | periods_acl_1 | TRIGGER
          6 | public      | fpacl                   | table       | periods_acl_1 | TRUNCATE
          7 | public      | fpacl                   | table       | periods_acl_1 | UPDATE
          8 | public      | fpacl                   | table       | periods_acl_2 | SELECT
          9 | public      | fpacl                   | table       | periods_acl_2 | UPDATE
         10 | public      | fpacl__for_portion_of_p | view        | periods_acl_1 | DELETE
         11 | public      | fpacl__for_portion_of_p | view        | periods_acl_1 | INSERT
         12 | public      | fpacl__for_portion_of_p | view        | periods_acl_1 | REFERENCES
         13 | public      | fpacl__for_portion_of_p | view        | periods_acl_1 | SELECT
         14 | public      | fpacl__for_portion_of_p | view        | periods_acl_1 | TRIGGER
         15 | public      | fpacl__for_portion_of_p | view        | periods_acl_1 | TRUNCATE
         16 | public      | fpacl__for_portion_of_p | view        | periods_acl_1 | UPDATE
         17 | public      | fpacl__for_portion_of_p | view        | periods_acl_2 | SELECT
         18 | public      | fpacl__for_portion_of_p | view        | periods_acl_2 | UPDATE
(18 rows)

REVOKE UPDATE ON TABLE fpacl__for_portion_of_p FROM periods_acl_2; -- fail
ERROR:  cannot revoke UPDATE directly from "fpacl__for_portion_of_p", revoke UPDATE from "fpacl" instead
CONTEXT:  PL/pgSQL function sql_saga.health_checks() line 256 at RAISE
REVOKE UPDATE ON TABLE fpacl FROM periods_acl_2;
TABLE show_acls ORDER BY sort_order;
 sort_order | schema_name |       object_name       | object_type |    grantee    | privilege_type 
------------+-------------+-------------------------+-------------+---------------+----------------
          1 | public      | fpacl                   | table       | periods_acl_1 | DELETE
          2 | public      | fpacl                   | table       | periods_acl_1 | INSERT
          3 | public      | fpacl                   | table       | periods_acl_1 | REFERENCES
          4 | public      | fpacl                   | table       | periods_acl_1 | SELECT
          5 | public      | fpacl                   | table       | periods_acl_1 | TRIGGER
          6 | public      | fpacl                   | table       | periods_acl_1 | TRUNCATE
          7 | public      | fpacl                   | table       | periods_acl_1 | UPDATE
          8 | public      | fpacl                   | table       | periods_acl_2 | SELECT
          9 | public      | fpacl__for_portion_of_p | view        | periods_acl_1 | DELETE
         10 | public      | fpacl__for_portion_of_p | view        | periods_acl_1 | INSERT
         11 | public      | fpacl__for_portion_of_p | view        | periods_acl_1 | REFERENCES
         12 | public      | fpacl__for_portion_of_p | view        | periods_acl_1 | SELECT
         13 | public      | fpacl__for_portion_of_p | view        | periods_acl_1 | TRIGGER
         14 | public      | fpacl__for_portion_of_p | view        | periods_acl_1 | TRUNCATE
         15 | public      | fpacl__for_portion_of_p | view        | periods_acl_1 | UPDATE
         16 | public      | fpacl__for_portion_of_p | view        | periods_acl_2 | SELECT
(16 rows)

SELECT sql_saga.drop_api('fpacl', 'p');
 drop_api 
----------
 t
(1 row)

DROP TABLE fpacl CASCADE;
DROP VIEW show_acls;
/* Clean up */
DROP ROLE periods_acl_1;
DROP ROLE periods_acl_2;
