DROP EXTENSION periods;
DROP EXTENSION btree_gist;
DROP ROLE periods_unprivileged_user;
